2026-03-28 12:12:11 +01:00: [dotenv@17.3.1] injecting env (8) from .env -- tip: ⚙️  specify custom .env file path with { path: '/custom/path/.env' }
2026-03-28 12:12:16 +01:00: [dotenv@17.3.1] injecting env (8) from .env -- tip: 🛡️ auth for agents: https://vestauth.com
2026-03-28 12:12:20 +01:00: [dotenv@17.3.1] injecting env (8) from .env -- tip: ⚙️  suppress all logs with { quiet: true }
2026-03-28 12:12:24 +01:00: [dotenv@17.3.1] injecting env (8) from .env -- tip: 🤖 agentic secret storage: https://dotenvx.com/as2
2026-03-28 12:12:29 +01:00: [dotenv@17.3.1] injecting env (8) from .env -- tip: ⚙️  suppress all logs with { quiet: true }
2026-03-28 12:12:33 +01:00: [dotenv@17.3.1] injecting env (8) from .env -- tip: 🔐 encrypt with Dotenvx: https://dotenvx.com
2026-03-28 12:12:38 +01:00: [dotenv@17.3.1] injecting env (8) from .env -- tip: 🛠️  run anywhere with `dotenvx run -- yourcommand`
2026-03-28 12:12:43 +01:00: [dotenv@17.3.1] injecting env (8) from .env -- tip: 🤖 agentic secret storage: https://dotenvx.com/as2
2026-03-28 12:12:48 +01:00: [dotenv@17.3.1] injecting env (8) from .env -- tip: ⚙️  enable debug logging with { debug: true }
2026-03-28 12:12:53 +01:00: [dotenv@17.3.1] injecting env (8) from .env -- tip: 🔐 prevent building .env in docker: https://dotenvx.com/prebuild
2026-03-28 12:12:58 +01:00: [dotenv@17.3.1] injecting env (8) from .env -- tip: 🛡️ auth for agents: https://vestauth.com
2026-03-28 12:13:03 +01:00: [dotenv@17.3.1] injecting env (8) from .env -- tip: 🔐 prevent committing .env to code: https://dotenvx.com/precommit
2026-03-28 12:13:09 +01:00: [dotenv@17.3.1] injecting env (8) from .env -- tip: ⚙️  enable debug logging with { debug: true }
2026-03-28 12:13:15 +01:00: [dotenv@17.3.1] injecting env (8) from .env -- tip: 🤖 agentic secret storage: https://dotenvx.com/as2
2026-03-28 12:13:20 +01:00: [dotenv@17.3.1] injecting env (8) from .env -- tip: ⚙️  write to custom object with { processEnv: myObject }
2026-03-28 12:13:26 +01:00: [dotenv@17.3.1] injecting env (8) from .env -- tip: ⚙️  enable debug logging with { debug: true }
2026-03-28 12:13:32 +01:00: [dotenv@17.3.1] injecting env (8) from .env -- tip: ⚙️  override existing env vars with { override: true }
2026-03-28 12:13:37 +01:00: [dotenv@17.3.1] injecting env (8) from .env -- tip: ⚙️  enable debug logging with { debug: true }
2026-03-28 12:13:43 +01:00: [dotenv@17.3.1] injecting env (8) from .env -- tip: ⚙️  write to custom object with { processEnv: myObject }
2026-03-28 12:13:49 +01:00: [dotenv@17.3.1] injecting env (8) from .env -- tip: 🔐 encrypt with Dotenvx: https://dotenvx.com
2026-03-28 12:13:54 +01:00: [dotenv@17.3.1] injecting env (8) from .env -- tip: 🛡️ auth for agents: https://vestauth.com
2026-03-28 12:14:00 +01:00: [dotenv@17.3.1] injecting env (8) from .env -- tip: 🛠️  run anywhere with `dotenvx run -- yourcommand`
2026-03-28 12:14:05 +01:00: [dotenv@17.3.1] injecting env (8) from .env -- tip: ⚡️ secrets for agents: https://dotenvx.com/as2
2026-03-28 12:14:10 +01:00: [dotenv@17.3.1] injecting env (8) from .env -- tip: ⚙️  specify custom .env file path with { path: '/custom/path/.env' }
2026-03-28 12:14:16 +01:00: [dotenv@17.3.1] injecting env (8) from .env -- tip: ⚡️ secrets for agents: https://dotenvx.com/as2
2026-03-28 12:14:22 +01:00: [dotenv@17.3.1] injecting env (8) from .env -- tip: ⚙️  write to custom object with { processEnv: myObject }
2026-03-28 12:14:27 +01:00: [dotenv@17.3.1] injecting env (8) from .env -- tip: 🤖 agentic secret storage: https://dotenvx.com/as2
2026-03-28 12:14:32 +01:00: [dotenv@17.3.1] injecting env (8) from .env -- tip: 🛠️  run anywhere with `dotenvx run -- yourcommand`
2026-03-28 12:14:37 +01:00: [dotenv@17.3.1] injecting env (8) from .env -- tip: 🤖 agentic secret storage: https://dotenvx.com/as2
2026-03-28 12:14:44 +01:00: [dotenv@17.3.1] injecting env (8) from .env -- tip: ⚙️  suppress all logs with { quiet: true }
2026-03-28 12:14:50 +01:00: [dotenv@17.3.1] injecting env (8) from .env -- tip: ⚙️  suppress all logs with { quiet: true }
2026-03-28 12:14:55 +01:00: [dotenv@17.3.1] injecting env (8) from .env -- tip: ⚡️ secrets for agents: https://dotenvx.com/as2
2026-03-28 12:15:00 +01:00: [dotenv@17.3.1] injecting env (8) from .env -- tip: ⚙️  write to custom object with { processEnv: myObject }
2026-03-28 12:15:05 +01:00: [dotenv@17.3.1] injecting env (8) from .env -- tip: ⚙️  specify custom .env file path with { path: '/custom/path/.env' }
2026-03-28 12:15:11 +01:00: [dotenv@17.3.1] injecting env (8) from .env -- tip: ⚙️  suppress all logs with { quiet: true }
2026-03-28 12:15:16 +01:00: [dotenv@17.3.1] injecting env (8) from .env -- tip: ⚙️  enable debug logging with { debug: true }
2026-03-28 12:15:22 +01:00: [dotenv@17.3.1] injecting env (8) from .env -- tip: ⚙️  suppress all logs with { quiet: true }
2026-03-28 12:15:27 +01:00: [dotenv@17.3.1] injecting env (8) from .env -- tip: 🔐 prevent building .env in docker: https://dotenvx.com/prebuild
2026-03-28 12:15:33 +01:00: [dotenv@17.3.1] injecting env (8) from .env -- tip: ⚡️ secrets for agents: https://dotenvx.com/as2
2026-03-28 12:15:38 +01:00: [dotenv@17.3.1] injecting env (8) from .env -- tip: 🛠️  run anywhere with `dotenvx run -- yourcommand`
2026-03-28 12:15:44 +01:00: [dotenv@17.3.1] injecting env (8) from .env -- tip: 🤖 agentic secret storage: https://dotenvx.com/as2
2026-03-28 12:15:49 +01:00: [dotenv@17.3.1] injecting env (8) from .env -- tip: 🔐 prevent committing .env to code: https://dotenvx.com/precommit
2026-03-28 12:15:55 +01:00: [dotenv@17.3.1] injecting env (8) from .env -- tip: ⚡️ secrets for agents: https://dotenvx.com/as2
2026-03-28 12:16:00 +01:00: [dotenv@17.3.1] injecting env (8) from .env -- tip: ⚙️  specify custom .env file path with { path: '/custom/path/.env' }
2026-03-28 12:16:05 +01:00: [dotenv@17.3.1] injecting env (8) from .env -- tip: ⚙️  enable debug logging with { debug: true }
2026-03-28 12:16:12 +01:00: [dotenv@17.3.1] injecting env (8) from .env -- tip: 🛡️ auth for agents: https://vestauth.com
2026-03-28 12:16:18 +01:00: [dotenv@17.3.1] injecting env (8) from .env -- tip: ⚙️  specify custom .env file path with { path: '/custom/path/.env' }
2026-03-28 12:16:24 +01:00: [dotenv@17.3.1] injecting env (8) from .env -- tip: 🔐 prevent building .env in docker: https://dotenvx.com/prebuild
2026-03-28 12:16:30 +01:00: [dotenv@17.3.1] injecting env (8) from .env -- tip: 🔐 prevent building .env in docker: https://dotenvx.com/prebuild
2026-03-28 12:16:36 +01:00: [dotenv@17.3.1] injecting env (8) from .env -- tip: ⚙️  write to custom object with { processEnv: myObject }
2026-03-28 12:16:42 +01:00: [dotenv@17.3.1] injecting env (8) from .env -- tip: ⚙️  override existing env vars with { override: true }
2026-03-28 12:16:48 +01:00: [dotenv@17.3.1] injecting env (8) from .env -- tip: ⚙️  suppress all logs with { quiet: true }
2026-03-28 12:16:53 +01:00: [dotenv@17.3.1] injecting env (8) from .env -- tip: ⚙️  enable debug logging with { debug: true }
2026-03-28 12:16:59 +01:00: [dotenv@17.3.1] injecting env (8) from .env -- tip: ⚙️  override existing env vars with { override: true }
2026-03-28 12:17:05 +01:00: [dotenv@17.3.1] injecting env (8) from .env -- tip: ⚙️  load multiple .env files with { path: ['.env.local', '.env'] }
2026-03-28 12:17:11 +01:00: [dotenv@17.3.1] injecting env (8) from .env -- tip: 🛠️  run anywhere with `dotenvx run -- yourcommand`
2026-03-28 12:17:17 +01:00: [dotenv@17.3.1] injecting env (8) from .env -- tip: 🔐 prevent building .env in docker: https://dotenvx.com/prebuild
2026-03-28 12:17:22 +01:00: [dotenv@17.3.1] injecting env (8) from .env -- tip: ⚙️  override existing env vars with { override: true }
2026-03-28 12:17:27 +01:00: [dotenv@17.3.1] injecting env (8) from .env -- tip: ⚙️  override existing env vars with { override: true }
2026-03-28 12:17:31 +01:00: [dotenv@17.3.1] injecting env (8) from .env -- tip: ⚡️ secrets for agents: https://dotenvx.com/as2
2026-03-28 12:17:37 +01:00: [dotenv@17.3.1] injecting env (8) from .env -- tip: 🔐 encrypt with Dotenvx: https://dotenvx.com
2026-03-28 12:17:42 +01:00: [dotenv@17.3.1] injecting env (8) from .env -- tip: ⚙️  write to custom object with { processEnv: myObject }
2026-03-28 12:17:47 +01:00: [dotenv@17.3.1] injecting env (8) from .env -- tip: 🛡️ auth for agents: https://vestauth.com
2026-03-28 12:17:52 +01:00: [dotenv@17.3.1] injecting env (8) from .env -- tip: ⚡️ secrets for agents: https://dotenvx.com/as2
2026-03-28 12:17:57 +01:00: [dotenv@17.3.1] injecting env (8) from .env -- tip: ⚙️  write to custom object with { processEnv: myObject }
2026-03-28 12:18:03 +01:00: [dotenv@17.3.1] injecting env (8) from .env -- tip: 🔐 prevent committing .env to code: https://dotenvx.com/precommit
2026-03-28 12:18:09 +01:00: [dotenv@17.3.1] injecting env (8) from .env -- tip: 🛡️ auth for agents: https://vestauth.com
2026-03-28 12:18:15 +01:00: [dotenv@17.3.1] injecting env (8) from .env -- tip: 🤖 agentic secret storage: https://dotenvx.com/as2
2026-03-28 12:18:21 +01:00: [dotenv@17.3.1] injecting env (8) from .env -- tip: ⚙️  write to custom object with { processEnv: myObject }
2026-03-28 12:18:26 +01:00: [dotenv@17.3.1] injecting env (8) from .env -- tip: 🛡️ auth for agents: https://vestauth.com
2026-03-28 12:18:32 +01:00: [dotenv@17.3.1] injecting env (8) from .env -- tip: ⚙️  suppress all logs with { quiet: true }
2026-03-28 12:18:37 +01:00: [dotenv@17.3.1] injecting env (8) from .env -- tip: ⚙️  write to custom object with { processEnv: myObject }
2026-03-28 12:18:43 +01:00: [dotenv@17.3.1] injecting env (8) from .env -- tip: ⚙️  override existing env vars with { override: true }
2026-03-28 12:18:49 +01:00: [dotenv@17.3.1] injecting env (8) from .env -- tip: ⚙️  suppress all logs with { quiet: true }
2026-03-28 12:18:54 +01:00: [dotenv@17.3.1] injecting env (8) from .env -- tip: 🔐 encrypt with Dotenvx: https://dotenvx.com
2026-03-28 12:19:00 +01:00: [dotenv@17.3.1] injecting env (8) from .env -- tip: ⚙️  load multiple .env files with { path: ['.env.local', '.env'] }
2026-03-28 12:19:08 +01:00: [dotenv@17.3.1] injecting env (8) from .env -- tip: 🤖 agentic secret storage: https://dotenvx.com/as2
2026-03-28 12:19:15 +01:00: [dotenv@17.3.1] injecting env (8) from .env -- tip: ⚙️  override existing env vars with { override: true }
2026-03-28 12:19:20 +01:00: [dotenv@17.3.1] injecting env (8) from .env -- tip: ⚙️  specify custom .env file path with { path: '/custom/path/.env' }
2026-03-28 12:19:26 +01:00: [dotenv@17.3.1] injecting env (8) from .env -- tip: 🔐 encrypt with Dotenvx: https://dotenvx.com
2026-03-28 12:19:32 +01:00: [dotenv@17.3.1] injecting env (8) from .env -- tip: 🔐 prevent building .env in docker: https://dotenvx.com/prebuild
2026-03-28 12:19:37 +01:00: [dotenv@17.3.1] injecting env (8) from .env -- tip: ⚙️  enable debug logging with { debug: true }
2026-03-28 12:19:42 +01:00: [dotenv@17.3.1] injecting env (8) from .env -- tip: 🔐 encrypt with Dotenvx: https://dotenvx.com
2026-03-28 12:19:51 +01:00: [dotenv@17.3.1] injecting env (8) from .env -- tip: 🔐 prevent building .env in docker: https://dotenvx.com/prebuild
2026-03-28 12:19:57 +01:00: [dotenv@17.3.1] injecting env (8) from .env -- tip: ⚙️  load multiple .env files with { path: ['.env.local', '.env'] }
2026-03-28 12:20:02 +01:00: [dotenv@17.3.1] injecting env (8) from .env -- tip: 🔐 encrypt with Dotenvx: https://dotenvx.com
2026-03-28 12:20:10 +01:00: [dotenv@17.3.1] injecting env (8) from .env -- tip: 🔐 encrypt with Dotenvx: https://dotenvx.com
2026-03-28 12:20:17 +01:00: 🚀 Server running on http://localhost:5000
2026-03-28 12:20:17 +01:00: Environment: production
2026-03-28 12:20:17 +01:00: Automation: ENABLED
2026-03-28 12:20:22 +01:00: ✅ MongoDB connected successfully
2026-03-28 12:20:25 +01:00: 🔄 Syncing football targets...
2026-03-28 12:20:30 +01:00: 🔄 Dynamic Football Targets Synced Successfully
2026-03-28 12:20:30 +01:00: 🚀 Running initial news cycle...
2026-03-28 12:21:22 +01:00: [dotenv@17.3.1] injecting env (8) from .env -- tip: ⚙️  specify custom .env file path with { path: '/custom/path/.env' }
2026-03-28 12:21:25 +01:00: 🚀 Server running on http://localhost:5000
2026-03-28 12:21:25 +01:00: Environment: production
2026-03-28 12:21:25 +01:00: Automation: ENABLED
2026-03-28 12:21:28 +01:00: ✅ MongoDB connected successfully
2026-03-28 12:21:33 +01:00: 🔄 Syncing football targets...
2026-03-28 12:21:35 +01:00: 🔄 Dynamic Football Targets Synced Successfully
2026-03-28 12:21:35 +01:00: 🚀 Running initial news cycle...
