2026-03-28 12:12:12 +01:00: [dotenv@17.3.1] injecting env (8) from .env -- tip: 🤖 agentic secret storage: https://dotenvx.com/as2
2026-03-28 12:12:17 +01:00: [dotenv@17.3.1] injecting env (8) from .env -- tip: 🔐 encrypt with Dotenvx: https://dotenvx.com
2026-03-28 12:12:21 +01:00: [dotenv@17.3.1] injecting env (8) from .env -- tip: ⚙️  enable debug logging with { debug: true }
2026-03-28 12:12:26 +01:00: [dotenv@17.3.1] injecting env (8) from .env -- tip: 🔐 prevent committing .env to code: https://dotenvx.com/precommit
2026-03-28 12:12:30 +01:00: [dotenv@17.3.1] injecting env (8) from .env -- tip: 🛡️ auth for agents: https://vestauth.com
2026-03-28 12:12:35 +01:00: [dotenv@17.3.1] injecting env (8) from .env -- tip: 🔐 prevent building .env in docker: https://dotenvx.com/prebuild
2026-03-28 12:12:40 +01:00: [dotenv@17.3.1] injecting env (8) from .env -- tip: ⚙️  specify custom .env file path with { path: '/custom/path/.env' }
2026-03-28 12:12:45 +01:00: [dotenv@17.3.1] injecting env (8) from .env -- tip: ⚙️  enable debug logging with { debug: true }
2026-03-28 12:12:49 +01:00: [dotenv@17.3.1] injecting env (8) from .env -- tip: 🛠️  run anywhere with `dotenvx run -- yourcommand`
2026-03-28 12:12:55 +01:00: [dotenv@17.3.1] injecting env (8) from .env -- tip: ⚙️  write to custom object with { processEnv: myObject }
2026-03-28 12:13:00 +01:00: [dotenv@17.3.1] injecting env (8) from .env -- tip: ⚙️  enable debug logging with { debug: true }
2026-03-28 12:13:06 +01:00: [dotenv@17.3.1] injecting env (8) from .env -- tip: ⚙️  enable debug logging with { debug: true }
2026-03-28 12:13:13 +01:00: [dotenv@17.3.1] injecting env (8) from .env -- tip: 🛠️  run anywhere with `dotenvx run -- yourcommand`
2026-03-28 12:13:19 +01:00: [dotenv@17.3.1] injecting env (8) from .env -- tip: ⚙️  override existing env vars with { override: true }
2026-03-28 12:13:25 +01:00: [dotenv@17.3.1] injecting env (8) from .env -- tip: 🛠️  run anywhere with `dotenvx run -- yourcommand`
2026-03-28 12:13:31 +01:00: [dotenv@17.3.1] injecting env (8) from .env -- tip: 🤖 agentic secret storage: https://dotenvx.com/as2
2026-03-28 12:13:36 +01:00: [dotenv@17.3.1] injecting env (8) from .env -- tip: 🤖 agentic secret storage: https://dotenvx.com/as2
2026-03-28 12:13:42 +01:00: [dotenv@17.3.1] injecting env (8) from .env -- tip: ⚙️  specify custom .env file path with { path: '/custom/path/.env' }
2026-03-28 12:13:47 +01:00: [dotenv@17.3.1] injecting env (8) from .env -- tip: 🛠️  run anywhere with `dotenvx run -- yourcommand`
2026-03-28 12:13:53 +01:00: [dotenv@17.3.1] injecting env (8) from .env -- tip: ⚙️  enable debug logging with { debug: true }
2026-03-28 12:13:59 +01:00: [dotenv@17.3.1] injecting env (8) from .env -- tip: ⚙️  write to custom object with { processEnv: myObject }
2026-03-28 12:14:04 +01:00: [dotenv@17.3.1] injecting env (8) from .env -- tip: ⚙️  load multiple .env files with { path: ['.env.local', '.env'] }
2026-03-28 12:14:10 +01:00: [dotenv@17.3.1] injecting env (8) from .env -- tip: ⚙️  suppress all logs with { quiet: true }
2026-03-28 12:14:16 +01:00: [dotenv@17.3.1] injecting env (8) from .env -- tip: ⚙️  suppress all logs with { quiet: true }
2026-03-28 12:14:21 +01:00: [dotenv@17.3.1] injecting env (8) from .env -- tip: 🔐 prevent committing .env to code: https://dotenvx.com/precommit
2026-03-28 12:14:26 +01:00: [dotenv@17.3.1] injecting env (8) from .env -- tip: 🔐 prevent committing .env to code: https://dotenvx.com/precommit
2026-03-28 12:14:31 +01:00: [dotenv@17.3.1] injecting env (8) from .env -- tip: 🛡️ auth for agents: https://vestauth.com
2026-03-28 12:14:37 +01:00: [dotenv@17.3.1] injecting env (8) from .env -- tip: ⚙️  suppress all logs with { quiet: true }
2026-03-28 12:14:43 +01:00: [dotenv@17.3.1] injecting env (8) from .env -- tip: ⚙️  load multiple .env files with { path: ['.env.local', '.env'] }
2026-03-28 12:14:49 +01:00: [dotenv@17.3.1] injecting env (8) from .env -- tip: ⚙️  write to custom object with { processEnv: myObject }
2026-03-28 12:14:55 +01:00: [dotenv@17.3.1] injecting env (8) from .env -- tip: ⚡️ secrets for agents: https://dotenvx.com/as2
2026-03-28 12:15:01 +01:00: [dotenv@17.3.1] injecting env (8) from .env -- tip: ⚙️  enable debug logging with { debug: true }
2026-03-28 12:15:06 +01:00: [dotenv@17.3.1] injecting env (8) from .env -- tip: ⚙️  specify custom .env file path with { path: '/custom/path/.env' }
2026-03-28 12:15:11 +01:00: [dotenv@17.3.1] injecting env (8) from .env -- tip: ⚙️  load multiple .env files with { path: ['.env.local', '.env'] }
2026-03-28 12:15:17 +01:00: [dotenv@17.3.1] injecting env (8) from .env -- tip: 🔐 encrypt with Dotenvx: https://dotenvx.com
2026-03-28 12:15:22 +01:00: [dotenv@17.3.1] injecting env (8) from .env -- tip: 🔐 prevent committing .env to code: https://dotenvx.com/precommit
2026-03-28 12:15:28 +01:00: [dotenv@17.3.1] injecting env (8) from .env -- tip: 🤖 agentic secret storage: https://dotenvx.com/as2
2026-03-28 12:15:34 +01:00: [dotenv@17.3.1] injecting env (8) from .env -- tip: ⚙️  override existing env vars with { override: true }
2026-03-28 12:15:39 +01:00: [dotenv@17.3.1] injecting env (8) from .env -- tip: 🛡️ auth for agents: https://vestauth.com
2026-03-28 12:15:45 +01:00: [dotenv@17.3.1] injecting env (8) from .env -- tip: ⚡️ secrets for agents: https://dotenvx.com/as2
2026-03-28 12:15:51 +01:00: [dotenv@17.3.1] injecting env (8) from .env -- tip: ⚙️  suppress all logs with { quiet: true }
2026-03-28 12:15:56 +01:00: [dotenv@17.3.1] injecting env (8) from .env -- tip: 🔐 prevent building .env in docker: https://dotenvx.com/prebuild
2026-03-28 12:16:01 +01:00: [dotenv@17.3.1] injecting env (8) from .env -- tip: 🔐 encrypt with Dotenvx: https://dotenvx.com
2026-03-28 12:16:06 +01:00: [dotenv@17.3.1] injecting env (8) from .env -- tip: 🔐 encrypt with Dotenvx: https://dotenvx.com
2026-03-28 12:16:12 +01:00: [dotenv@17.3.1] injecting env (8) from .env -- tip: ⚙️  suppress all logs with { quiet: true }
2026-03-28 12:16:18 +01:00: [dotenv@17.3.1] injecting env (8) from .env -- tip: ⚙️  specify custom .env file path with { path: '/custom/path/.env' }
2026-03-28 12:16:24 +01:00: [dotenv@17.3.1] injecting env (8) from .env -- tip: 🔐 encrypt with Dotenvx: https://dotenvx.com
2026-03-28 12:16:30 +01:00: [dotenv@17.3.1] injecting env (8) from .env -- tip: 🔐 encrypt with Dotenvx: https://dotenvx.com
2026-03-28 12:16:36 +01:00: [dotenv@17.3.1] injecting env (8) from .env -- tip: ⚙️  override existing env vars with { override: true }
2026-03-28 12:16:42 +01:00: [dotenv@17.3.1] injecting env (8) from .env -- tip: ⚙️  load multiple .env files with { path: ['.env.local', '.env'] }
2026-03-28 12:16:47 +01:00: [dotenv@17.3.1] injecting env (8) from .env -- tip: 🛠️  run anywhere with `dotenvx run -- yourcommand`
2026-03-28 12:16:52 +01:00: [dotenv@17.3.1] injecting env (8) from .env -- tip: ⚙️  specify custom .env file path with { path: '/custom/path/.env' }
2026-03-28 12:16:59 +01:00: [dotenv@17.3.1] injecting env (8) from .env -- tip: 🛡️ auth for agents: https://vestauth.com
2026-03-28 12:17:05 +01:00: [dotenv@17.3.1] injecting env (8) from .env -- tip: ⚙️  write to custom object with { processEnv: myObject }
2026-03-28 12:17:10 +01:00: [dotenv@17.3.1] injecting env (8) from .env -- tip: 🔐 encrypt with Dotenvx: https://dotenvx.com
2026-03-28 12:17:16 +01:00: [dotenv@17.3.1] injecting env (8) from .env -- tip: ⚡️ secrets for agents: https://dotenvx.com/as2
2026-03-28 12:17:21 +01:00: [dotenv@17.3.1] injecting env (8) from .env -- tip: ⚙️  override existing env vars with { override: true }
2026-03-28 12:17:26 +01:00: [dotenv@17.3.1] injecting env (8) from .env -- tip: 🤖 agentic secret storage: https://dotenvx.com/as2
2026-03-28 12:17:31 +01:00: [dotenv@17.3.1] injecting env (8) from .env -- tip: ⚙️  load multiple .env files with { path: ['.env.local', '.env'] }
2026-03-28 12:17:36 +01:00: [dotenv@17.3.1] injecting env (8) from .env -- tip: ⚙️  override existing env vars with { override: true }
2026-03-28 12:17:42 +01:00: [dotenv@17.3.1] injecting env (8) from .env -- tip: 🔐 prevent committing .env to code: https://dotenvx.com/precommit
2026-03-28 12:17:47 +01:00: [dotenv@17.3.1] injecting env (8) from .env -- tip: 🔐 prevent committing .env to code: https://dotenvx.com/precommit
2026-03-28 12:17:52 +01:00: [dotenv@17.3.1] injecting env (8) from .env -- tip: ⚙️  specify custom .env file path with { path: '/custom/path/.env' }
2026-03-28 12:17:57 +01:00: [dotenv@17.3.1] injecting env (8) from .env -- tip: ⚙️  specify custom .env file path with { path: '/custom/path/.env' }
2026-03-28 12:18:03 +01:00: [dotenv@17.3.1] injecting env (8) from .env -- tip: ⚙️  suppress all logs with { quiet: true }
2026-03-28 12:18:09 +01:00: [dotenv@17.3.1] injecting env (8) from .env -- tip: 🤖 agentic secret storage: https://dotenvx.com/as2
2026-03-28 12:18:15 +01:00: [dotenv@17.3.1] injecting env (8) from .env -- tip: 🔐 prevent committing .env to code: https://dotenvx.com/precommit
2026-03-28 12:18:21 +01:00: [dotenv@17.3.1] injecting env (8) from .env -- tip: 🛡️ auth for agents: https://vestauth.com
2026-03-28 12:18:27 +01:00: [dotenv@17.3.1] injecting env (8) from .env -- tip: ⚙️  suppress all logs with { quiet: true }
2026-03-28 12:18:32 +01:00: [dotenv@17.3.1] injecting env (8) from .env -- tip: ⚙️  suppress all logs with { quiet: true }
2026-03-28 12:18:37 +01:00: [dotenv@17.3.1] injecting env (8) from .env -- tip: ⚙️  suppress all logs with { quiet: true }
2026-03-28 12:18:43 +01:00: [dotenv@17.3.1] injecting env (8) from .env -- tip: 🤖 agentic secret storage: https://dotenvx.com/as2
2026-03-28 12:18:48 +01:00: [dotenv@17.3.1] injecting env (8) from .env -- tip: 🔐 prevent committing .env to code: https://dotenvx.com/precommit
2026-03-28 12:18:53 +01:00: [dotenv@17.3.1] injecting env (8) from .env -- tip: ⚙️  override existing env vars with { override: true }
2026-03-28 12:18:59 +01:00: [dotenv@17.3.1] injecting env (8) from .env -- tip: ⚙️  load multiple .env files with { path: ['.env.local', '.env'] }
2026-03-28 12:19:08 +01:00: [dotenv@17.3.1] injecting env (8) from .env -- tip: ⚙️  suppress all logs with { quiet: true }
2026-03-28 12:19:15 +01:00: [dotenv@17.3.1] injecting env (8) from .env -- tip: ⚙️  suppress all logs with { quiet: true }
2026-03-28 12:19:21 +01:00: [dotenv@17.3.1] injecting env (8) from .env -- tip: ⚙️  suppress all logs with { quiet: true }
2026-03-28 12:19:26 +01:00: [dotenv@17.3.1] injecting env (8) from .env -- tip: 🔐 encrypt with Dotenvx: https://dotenvx.com
2026-03-28 12:19:31 +01:00: [dotenv@17.3.1] injecting env (8) from .env -- tip: ⚙️  specify custom .env file path with { path: '/custom/path/.env' }
2026-03-28 12:19:37 +01:00: [dotenv@17.3.1] injecting env (8) from .env -- tip: 🤖 agentic secret storage: https://dotenvx.com/as2
2026-03-28 12:19:42 +01:00: [dotenv@17.3.1] injecting env (8) from .env -- tip: 🔐 prevent committing .env to code: https://dotenvx.com/precommit
2026-03-28 12:19:48 +01:00: [dotenv@17.3.1] injecting env (8) from .env -- tip: ⚙️  suppress all logs with { quiet: true }
2026-03-28 12:19:54 +01:00: [dotenv@17.3.1] injecting env (8) from .env -- tip: 🔐 prevent building .env in docker: https://dotenvx.com/prebuild
2026-03-28 12:19:59 +01:00: [dotenv@17.3.1] injecting env (8) from .env -- tip: ⚙️  override existing env vars with { override: true }
2026-03-28 12:20:05 +01:00: [dotenv@17.3.1] injecting env (8) from .env -- tip: 🤖 agentic secret storage: https://dotenvx.com/as2
2026-03-28 12:20:14 +01:00: [dotenv@17.3.1] injecting env (8) from .env -- tip: ⚙️  suppress all logs with { quiet: true }
2026-03-28 12:20:18 +01:00: 🚀 Server running on http://localhost:5000
2026-03-28 12:20:18 +01:00: Environment: production
2026-03-28 12:20:18 +01:00: Automation: ENABLED
2026-03-28 12:20:20 +01:00: ✅ MongoDB connected successfully
2026-03-28 12:20:26 +01:00: 🔄 Syncing football targets...
2026-03-28 12:20:29 +01:00: 🔄 Dynamic Football Targets Synced Successfully
2026-03-28 12:20:29 +01:00: 🚀 Running initial news cycle...
2026-03-28 12:21:22 +01:00: [dotenv@17.3.1] injecting env (8) from .env -- tip: 🛠️  run anywhere with `dotenvx run -- yourcommand`
2026-03-28 12:21:25 +01:00: 🚀 Server running on http://localhost:5000
2026-03-28 12:21:25 +01:00: Environment: production
2026-03-28 12:21:25 +01:00: Automation: ENABLED
2026-03-28 12:21:28 +01:00: ✅ MongoDB connected successfully
2026-03-28 12:21:33 +01:00: 🔄 Syncing football targets...
2026-03-28 12:21:37 +01:00: 🔄 Dynamic Football Targets Synced Successfully
2026-03-28 12:21:37 +01:00: 🚀 Running initial news cycle...
2026-03-28 12:27:39 +01:00: premier league
2026-03-28 12:27:39 +01:00: PL
2026-03-28 12:27:39 +01:00: Fetching Standings for Code: PL
2026-03-28 12:27:40 +01:00: premier league
2026-03-28 12:27:40 +01:00: PL
2026-03-28 12:27:40 +01:00: Fetching Standings for Code: PL
2026-03-28 12:27:41 +01:00: premier league
2026-03-28 12:27:41 +01:00: PL
2026-03-28 12:27:41 +01:00: Fetching Standings for Code: PL
2026-03-28 12:27:41 +01:00: premier league
2026-03-28 12:27:41 +01:00: PL
2026-03-28 12:27:41 +01:00: Fetching Standings for Code: PL
2026-03-28 12:28:17 +01:00: premier league
2026-03-28 12:28:17 +01:00: PL
2026-03-28 12:28:17 +01:00: Fetching Standings for Code: PL
2026-03-28 12:28:18 +01:00: premier league
2026-03-28 12:28:18 +01:00: PL
2026-03-28 12:28:18 +01:00: Fetching Standings for Code: PL
2026-03-28 12:50:00 +01:00: [2026-03-28T11:50:00.772Z] Starting automated news cycle...
2026-03-28 12:50:38 +01:00: ✅ News cycle completed successfully
2026-03-28 12:59:34 +01:00: premier league
2026-03-28 12:59:34 +01:00: PL
2026-03-28 12:59:34 +01:00: Fetching Standings for Code: PL
2026-03-28 12:59:35 +01:00: premier league
2026-03-28 12:59:35 +01:00: PL
2026-03-28 12:59:35 +01:00: Fetching Standings for Code: PL
2026-03-28 13:00:00 +01:00: [2026-03-28T12:00:00.307Z] Starting automated news cycle...
2026-03-28 13:02:18 +01:00: ✅ News cycle completed successfully
2026-03-28 13:28:08 +01:00: premier league
2026-03-28 13:28:08 +01:00: PL
2026-03-28 13:28:08 +01:00: Fetching Standings for Code: PL
2026-03-28 13:28:09 +01:00: premier league
2026-03-28 13:28:09 +01:00: PL
2026-03-28 13:28:09 +01:00: Fetching Standings for Code: PL
2026-03-28 13:30:55 +01:00: premier league
2026-03-28 13:30:55 +01:00: PL
2026-03-28 13:30:55 +01:00: Fetching Standings for Code: PL
2026-03-28 13:30:57 +01:00: premier league
2026-03-28 13:30:57 +01:00: PL
2026-03-28 13:30:57 +01:00: Fetching Standings for Code: PL
2026-03-28 13:34:37 +01:00: premier league
2026-03-28 13:34:37 +01:00: PL
2026-03-28 13:34:37 +01:00: Fetching Standings for Code: PL
2026-03-28 13:34:38 +01:00: premier league
2026-03-28 13:34:38 +01:00: PL
2026-03-28 13:34:38 +01:00: Fetching Standings for Code: PL
2026-03-28 13:35:02 +01:00: premier league
2026-03-28 13:35:02 +01:00: PL
2026-03-28 13:35:02 +01:00: Fetching Standings for Code: PL
2026-03-28 13:35:03 +01:00: premier league
2026-03-28 13:35:03 +01:00: PL
2026-03-28 13:35:03 +01:00: Fetching Standings for Code: PL
2026-03-28 13:37:04 +01:00: premier league
2026-03-28 13:37:04 +01:00: PL
2026-03-28 13:37:04 +01:00: Fetching Standings for Code: PL
2026-03-28 13:37:06 +01:00: premier league
2026-03-28 13:37:06 +01:00: PL
2026-03-28 13:37:06 +01:00: Fetching Standings for Code: PL
2026-03-28 13:40:30 +01:00: premier league
2026-03-28 13:40:30 +01:00: PL
2026-03-28 13:40:30 +01:00: Fetching Standings for Code: PL
2026-03-28 13:40:32 +01:00: premier league
2026-03-28 13:40:32 +01:00: PL
2026-03-28 13:40:32 +01:00: Fetching Standings for Code: PL
2026-03-28 13:42:07 +01:00: premier league
2026-03-28 13:42:07 +01:00: PL
2026-03-28 13:42:07 +01:00: Fetching Standings for Code: PL
2026-03-28 13:42:07 +01:00: premier league
2026-03-28 13:42:07 +01:00: PL
2026-03-28 13:42:07 +01:00: Fetching Standings for Code: PL
2026-03-28 13:43:20 +01:00: premier league
2026-03-28 13:43:20 +01:00: PL
2026-03-28 13:43:20 +01:00: Fetching Standings for Code: PL
2026-03-28 13:43:22 +01:00: premier league
2026-03-28 13:43:22 +01:00: PL
2026-03-28 13:43:22 +01:00: Fetching Standings for Code: PL
2026-03-28 13:44:17 +01:00: premier league
2026-03-28 13:44:17 +01:00: PL
2026-03-28 13:44:17 +01:00: Fetching Standings for Code: PL
2026-03-28 13:44:19 +01:00: premier league
2026-03-28 13:44:19 +01:00: PL
2026-03-28 13:44:19 +01:00: Fetching Standings for Code: PL
2026-03-28 13:44:52 +01:00: premier league
2026-03-28 13:44:52 +01:00: PL
2026-03-28 13:44:52 +01:00: Fetching Standings for Code: PL
2026-03-28 13:44:54 +01:00: premier league
2026-03-28 13:44:54 +01:00: PL
2026-03-28 13:44:54 +01:00: Fetching Standings for Code: PL
2026-03-28 13:46:30 +01:00: premier league
2026-03-28 13:46:30 +01:00: PL
2026-03-28 13:46:30 +01:00: Fetching Standings for Code: PL
2026-03-28 13:46:32 +01:00: premier league
2026-03-28 13:46:32 +01:00: PL
2026-03-28 13:46:32 +01:00: Fetching Standings for Code: PL
2026-03-28 13:50:00 +01:00: [2026-03-28T12:50:00.333Z] Starting automated news cycle...
2026-03-28 13:50:05 +01:00: premier league
2026-03-28 13:50:05 +01:00: PL
2026-03-28 13:50:05 +01:00: Fetching Standings for Code: PL
2026-03-28 13:50:06 +01:00: premier league
2026-03-28 13:50:06 +01:00: PL
2026-03-28 13:50:06 +01:00: Fetching Standings for Code: PL
2026-03-28 13:50:30 +01:00: premier league
2026-03-28 13:50:30 +01:00: PL
2026-03-28 13:50:30 +01:00: Fetching Standings for Code: PL
2026-03-28 13:50:31 +01:00: premier league
2026-03-28 13:50:31 +01:00: PL
2026-03-28 13:50:31 +01:00: Fetching Standings for Code: PL
2026-03-28 13:51:43 +01:00: ✅ News cycle completed successfully
2026-03-28 13:58:34 +01:00: premier league
2026-03-28 13:58:34 +01:00: PL
2026-03-28 13:58:34 +01:00: Fetching Standings for Code: PL
2026-03-28 13:58:35 +01:00: premier league
2026-03-28 13:58:35 +01:00: PL
2026-03-28 13:58:35 +01:00: Fetching Standings for Code: PL
2026-03-28 13:58:39 +01:00: premier league
2026-03-28 13:58:39 +01:00: PL
2026-03-28 13:58:39 +01:00: Fetching Standings for Code: PL
2026-03-28 13:58:40 +01:00: premier league
2026-03-28 13:58:40 +01:00: PL
2026-03-28 13:58:40 +01:00: Fetching Standings for Code: PL
2026-03-28 14:00:00 +01:00: [2026-03-28T13:00:00.075Z] Starting automated news cycle...
2026-03-28 14:00:18 +01:00: premier league
2026-03-28 14:00:18 +01:00: PL
2026-03-28 14:00:18 +01:00: Fetching Standings for Code: PL
2026-03-28 14:00:19 +01:00: premier league
2026-03-28 14:00:19 +01:00: PL
2026-03-28 14:00:19 +01:00: Fetching Standings for Code: PL
2026-03-28 14:01:54 +01:00: ✅ News cycle completed successfully
2026-03-28 14:11:08 +01:00: premier league
2026-03-28 14:11:08 +01:00: PL
2026-03-28 14:11:08 +01:00: Fetching Standings for Code: PL
2026-03-28 14:11:10 +01:00: premier league
2026-03-28 14:11:10 +01:00: PL
2026-03-28 14:11:10 +01:00: Fetching Standings for Code: PL
2026-03-28 14:16:45 +01:00: premier league
2026-03-28 14:16:45 +01:00: PL
2026-03-28 14:16:45 +01:00: Fetching Standings for Code: PL
2026-03-28 14:16:46 +01:00: premier league
2026-03-28 14:16:46 +01:00: PL
2026-03-28 14:16:46 +01:00: Fetching Standings for Code: PL
2026-03-28 14:24:11 +01:00: premier league
2026-03-28 14:24:11 +01:00: PL
2026-03-28 14:24:11 +01:00: Fetching Standings for Code: PL
2026-03-28 14:26:22 +01:00: premier league
2026-03-28 14:26:22 +01:00: PL
2026-03-28 14:26:22 +01:00: Fetching Standings for Code: PL
2026-03-28 14:27:27 +01:00: premier league
2026-03-28 14:27:27 +01:00: PL
2026-03-28 14:27:27 +01:00: Fetching Standings for Code: PL
2026-03-28 14:27:28 +01:00: premier league
2026-03-28 14:27:28 +01:00: PL
2026-03-28 14:27:28 +01:00: Fetching Standings for Code: PL
2026-03-28 14:31:18 +01:00: premier league
2026-03-28 14:31:18 +01:00: PL
2026-03-28 14:31:18 +01:00: Fetching Standings for Code: PL
2026-03-28 14:31:20 +01:00: premier league
2026-03-28 14:31:20 +01:00: PL
2026-03-28 14:31:20 +01:00: Fetching Standings for Code: PL
2026-03-28 14:36:22 +01:00: premier league
2026-03-28 14:36:22 +01:00: PL
2026-03-28 14:36:22 +01:00: Fetching Standings for Code: PL
2026-03-28 14:36:25 +01:00: premier league
2026-03-28 14:36:25 +01:00: PL
2026-03-28 14:36:25 +01:00: Fetching Standings for Code: PL
2026-03-28 14:39:17 +01:00: premier league
2026-03-28 14:39:17 +01:00: PL
2026-03-28 14:39:17 +01:00: Fetching Standings for Code: PL
2026-03-28 14:39:19 +01:00: premier league
2026-03-28 14:39:19 +01:00: PL
2026-03-28 14:39:19 +01:00: Fetching Standings for Code: PL
2026-03-28 14:46:21 +01:00: premier league
2026-03-28 14:46:21 +01:00: PL
2026-03-28 14:46:21 +01:00: Fetching Standings for Code: PL
2026-03-28 14:46:22 +01:00: premier league
2026-03-28 14:46:22 +01:00: PL
2026-03-28 14:46:22 +01:00: Fetching Standings for Code: PL
2026-03-28 14:50:00 +01:00: [2026-03-28T13:50:00.680Z] Starting automated news cycle...
2026-03-28 14:51:47 +01:00: ✅ News cycle completed successfully
2026-03-28 15:36:51 +01:00: premier league
2026-03-28 15:36:51 +01:00: PL
2026-03-28 15:36:51 +01:00: Fetching Standings for Code: PL
2026-03-28 15:36:53 +01:00: premier league
2026-03-28 15:36:53 +01:00: PL
2026-03-28 15:36:53 +01:00: Fetching Standings for Code: PL
2026-03-28 15:46:36 +01:00: premier league
2026-03-28 15:46:36 +01:00: PL
2026-03-28 15:46:36 +01:00: Fetching Standings for Code: PL
2026-03-28 15:46:38 +01:00: premier league
2026-03-28 15:46:38 +01:00: PL
2026-03-28 15:46:38 +01:00: Fetching Standings for Code: PL
2026-03-28 15:50:00 +01:00: [2026-03-28T14:50:00.462Z] Starting automated news cycle...
2026-03-28 15:51:24 +01:00: ✅ Published: Manchester United v Manchester City: Women’s Super League – live
2026-03-28 15:51:27 +01:00: ✅ News cycle completed successfully
2026-03-28 15:52:50 +01:00: premier league
2026-03-28 15:52:50 +01:00: PL
2026-03-28 15:52:50 +01:00: Fetching Standings for Code: PL
2026-03-28 15:52:52 +01:00: premier league
2026-03-28 15:52:52 +01:00: PL
2026-03-28 15:52:52 +01:00: Fetching Standings for Code: PL
2026-03-28 15:54:02 +01:00: premier league
2026-03-28 15:54:02 +01:00: PL
2026-03-28 15:54:02 +01:00: Fetching Standings for Code: PL
2026-03-28 15:54:41 +01:00: premier league
2026-03-28 15:54:41 +01:00: PL
2026-03-28 15:54:41 +01:00: Fetching Standings for Code: PL
2026-03-28 16:00:00 +01:00: [2026-03-28T15:00:00.865Z] Starting automated news cycle...
2026-03-28 16:00:41 +01:00: ✅ News cycle completed successfully
2026-03-28 16:02:57 +01:00: premier league
2026-03-28 16:02:57 +01:00: PL
2026-03-28 16:02:57 +01:00: Fetching Standings for Code: PL
2026-03-28 16:03:12 +01:00: premier league
2026-03-28 16:03:12 +01:00: PL
2026-03-28 16:03:12 +01:00: Fetching Standings for Code: PL
2026-03-28 16:05:10 +01:00: premier league
2026-03-28 16:05:10 +01:00: PL
2026-03-28 16:05:10 +01:00: Fetching Standings for Code: PL
2026-03-28 16:05:11 +01:00: premier league
2026-03-28 16:05:11 +01:00: PL
2026-03-28 16:05:11 +01:00: Fetching Standings for Code: PL
2026-03-28 16:05:49 +01:00: premier league
2026-03-28 16:05:49 +01:00: PL
2026-03-28 16:05:49 +01:00: Fetching Standings for Code: PL
2026-03-28 16:05:50 +01:00: premier league
2026-03-28 16:05:50 +01:00: PL
2026-03-28 16:05:50 +01:00: Fetching Standings for Code: PL
2026-03-28 16:11:46 +01:00: premier league
2026-03-28 16:11:46 +01:00: PL
2026-03-28 16:11:46 +01:00: Fetching Standings for Code: PL
2026-03-28 16:11:48 +01:00: premier league
2026-03-28 16:11:48 +01:00: PL
2026-03-28 16:11:48 +01:00: Fetching Standings for Code: PL
2026-03-28 16:15:03 +01:00: premier league
2026-03-28 16:15:03 +01:00: PL
2026-03-28 16:15:03 +01:00: Fetching Standings for Code: PL
2026-03-28 16:15:04 +01:00: premier league
2026-03-28 16:15:04 +01:00: PL
2026-03-28 16:15:04 +01:00: Fetching Standings for Code: PL
2026-03-28 16:15:28 +01:00: premier league
2026-03-28 16:15:28 +01:00: PL
2026-03-28 16:15:28 +01:00: Fetching Standings for Code: PL
2026-03-28 16:15:30 +01:00: premier league
2026-03-28 16:15:30 +01:00: PL
2026-03-28 16:15:30 +01:00: Fetching Standings for Code: PL
2026-03-28 16:17:03 +01:00: premier league
2026-03-28 16:17:03 +01:00: PL
2026-03-28 16:17:03 +01:00: Fetching Standings for Code: PL
2026-03-28 16:17:05 +01:00: premier league
2026-03-28 16:17:05 +01:00: PL
2026-03-28 16:17:05 +01:00: Fetching Standings for Code: PL
2026-03-28 16:19:45 +01:00: premier league
2026-03-28 16:19:45 +01:00: PL
2026-03-28 16:19:45 +01:00: Fetching Standings for Code: PL
2026-03-28 16:19:45 +01:00: premier league
2026-03-28 16:19:45 +01:00: PL
2026-03-28 16:19:45 +01:00: Fetching Standings for Code: PL
2026-03-28 16:22:00 +01:00: premier league
2026-03-28 16:22:00 +01:00: PL
2026-03-28 16:22:00 +01:00: Fetching Standings for Code: PL
2026-03-28 16:22:00 +01:00: premier league
2026-03-28 16:22:00 +01:00: PL
2026-03-28 16:22:00 +01:00: Fetching Standings for Code: PL
2026-03-28 16:22:02 +01:00: premier league
2026-03-28 16:22:02 +01:00: PL
2026-03-28 16:22:02 +01:00: Fetching Standings for Code: PL
2026-03-28 16:22:02 +01:00: premier league
2026-03-28 16:22:02 +01:00: PL
2026-03-28 16:22:02 +01:00: Fetching Standings for Code: PL
2026-03-28 16:23:25 +01:00: premier league
2026-03-28 16:23:25 +01:00: PL
2026-03-28 16:23:25 +01:00: Fetching Standings for Code: PL
2026-03-28 16:23:27 +01:00: premier league
2026-03-28 16:23:27 +01:00: PL
2026-03-28 16:23:27 +01:00: Fetching Standings for Code: PL
2026-03-28 16:23:48 +01:00: premier league
2026-03-28 16:23:48 +01:00: PL
2026-03-28 16:23:48 +01:00: Fetching Standings for Code: PL
2026-03-28 16:23:49 +01:00: premier league
2026-03-28 16:23:49 +01:00: PL
2026-03-28 16:23:49 +01:00: Fetching Standings for Code: PL
2026-03-28 16:24:45 +01:00: premier league
2026-03-28 16:24:45 +01:00: PL
2026-03-28 16:24:45 +01:00: Fetching Standings for Code: PL
2026-03-28 16:24:46 +01:00: premier league
2026-03-28 16:24:46 +01:00: PL
2026-03-28 16:24:46 +01:00: Fetching Standings for Code: PL
2026-03-28 16:27:50 +01:00: premier league
2026-03-28 16:27:50 +01:00: PL
2026-03-28 16:27:50 +01:00: Fetching Standings for Code: PL
2026-03-28 16:27:50 +01:00: premier league
2026-03-28 16:27:50 +01:00: PL
2026-03-28 16:27:50 +01:00: Fetching Standings for Code: PL
2026-03-28 16:28:24 +01:00: premier league
2026-03-28 16:28:24 +01:00: PL
2026-03-28 16:28:24 +01:00: Fetching Standings for Code: PL
2026-03-28 16:28:24 +01:00: premier league
2026-03-28 16:28:24 +01:00: PL
2026-03-28 16:28:24 +01:00: Fetching Standings for Code: PL
2026-03-28 16:28:31 +01:00: premier league
2026-03-28 16:28:31 +01:00: PL
2026-03-28 16:28:31 +01:00: Fetching Standings for Code: PL
2026-03-28 16:28:33 +01:00: premier league
2026-03-28 16:28:33 +01:00: PL
2026-03-28 16:28:33 +01:00: Fetching Standings for Code: PL
2026-03-28 16:29:55 +01:00: premier league
2026-03-28 16:29:55 +01:00: PL
2026-03-28 16:29:55 +01:00: Fetching Standings for Code: PL
2026-03-28 16:29:59 +01:00: premier league
2026-03-28 16:29:59 +01:00: PL
2026-03-28 16:29:59 +01:00: Fetching Standings for Code: PL
2026-03-28 16:30:00 +01:00: premier league
2026-03-28 16:30:00 +01:00: PL
2026-03-28 16:30:00 +01:00: Fetching Standings for Code: PL
2026-03-28 16:30:12 +01:00: premier league
2026-03-28 16:30:12 +01:00: PL
2026-03-28 16:30:12 +01:00: Fetching Standings for Code: PL
2026-03-28 16:30:15 +01:00: premier league
2026-03-28 16:30:15 +01:00: PL
2026-03-28 16:30:15 +01:00: Fetching Standings for Code: PL
2026-03-28 16:30:31 +01:00: premier league
2026-03-28 16:30:31 +01:00: PL
2026-03-28 16:30:31 +01:00: Fetching Standings for Code: PL
2026-03-28 16:30:31 +01:00: premier league
2026-03-28 16:30:31 +01:00: PL
2026-03-28 16:30:31 +01:00: Fetching Standings for Code: PL
2026-03-28 16:30:58 +01:00: premier league
2026-03-28 16:30:58 +01:00: PL
2026-03-28 16:30:58 +01:00: Fetching Standings for Code: PL
2026-03-28 16:30:58 +01:00: premier league
2026-03-28 16:30:58 +01:00: PL
2026-03-28 16:30:58 +01:00: Fetching Standings for Code: PL
2026-03-28 16:38:14 +01:00: premier league
2026-03-28 16:38:14 +01:00: PL
2026-03-28 16:38:14 +01:00: Fetching Standings for Code: PL
2026-03-28 16:47:31 +01:00: premier league
2026-03-28 16:47:31 +01:00: PL
2026-03-28 16:47:31 +01:00: Fetching Standings for Code: PL
2026-03-28 16:47:43 +01:00: premier league
2026-03-28 16:47:43 +01:00: PL
2026-03-28 16:47:43 +01:00: Fetching Standings for Code: PL
2026-03-28 16:47:45 +01:00: premier league
2026-03-28 16:47:45 +01:00: PL
2026-03-28 16:47:45 +01:00: Fetching Standings for Code: PL
2026-03-28 16:48:15 +01:00: premier league
2026-03-28 16:48:15 +01:00: PL
2026-03-28 16:48:15 +01:00: Fetching Standings for Code: PL
2026-03-28 16:48:16 +01:00: premier league
2026-03-28 16:48:16 +01:00: PL
2026-03-28 16:48:16 +01:00: Fetching Standings for Code: PL
2026-03-28 16:49:08 +01:00: premier league
2026-03-28 16:49:08 +01:00: PL
2026-03-28 16:49:08 +01:00: Fetching Standings for Code: PL
2026-03-28 16:49:09 +01:00: premier league
2026-03-28 16:49:09 +01:00: PL
2026-03-28 16:49:09 +01:00: Fetching Standings for Code: PL
2026-03-28 16:50:00 +01:00: [2026-03-28T15:50:00.852Z] Starting automated news cycle...
2026-03-28 16:51:29 +01:00: ✅ News cycle completed successfully
2026-03-28 17:00:00 +01:00: [2026-03-28T16:00:00.568Z] Starting automated news cycle...
2026-03-28 17:01:25 +01:00: premier league
2026-03-28 17:01:25 +01:00: PL
2026-03-28 17:01:25 +01:00: Fetching Standings for Code: PL
2026-03-28 17:01:49 +01:00: ✅ News cycle completed successfully
2026-03-28 17:03:41 +01:00: premier league
2026-03-28 17:03:41 +01:00: PL
2026-03-28 17:03:41 +01:00: Fetching Standings for Code: PL
2026-03-28 17:03:43 +01:00: premier league
2026-03-28 17:03:43 +01:00: PL
2026-03-28 17:03:43 +01:00: Fetching Standings for Code: PL
2026-03-28 17:06:30 +01:00: premier league
2026-03-28 17:06:30 +01:00: PL
2026-03-28 17:06:30 +01:00: Fetching Standings for Code: PL
2026-03-28 17:06:31 +01:00: premier league
2026-03-28 17:06:31 +01:00: PL
2026-03-28 17:06:31 +01:00: Fetching Standings for Code: PL
2026-03-28 17:09:03 +01:00: premier league
2026-03-28 17:09:03 +01:00: PL
2026-03-28 17:09:03 +01:00: Fetching Standings for Code: PL
2026-03-28 17:09:25 +01:00: premier league
2026-03-28 17:09:25 +01:00: PL
2026-03-28 17:09:25 +01:00: Fetching Standings for Code: PL
2026-03-28 17:09:27 +01:00: premier league
2026-03-28 17:09:27 +01:00: PL
2026-03-28 17:09:27 +01:00: Fetching Standings for Code: PL
2026-03-28 17:09:47 +01:00: premier league
2026-03-28 17:09:47 +01:00: PL
2026-03-28 17:09:47 +01:00: Fetching Standings for Code: PL
2026-03-28 17:09:49 +01:00: premier league
2026-03-28 17:09:49 +01:00: PL
2026-03-28 17:09:49 +01:00: Fetching Standings for Code: PL
2026-03-28 17:09:55 +01:00: premier league
2026-03-28 17:09:55 +01:00: PL
2026-03-28 17:09:55 +01:00: Fetching Standings for Code: PL
2026-03-28 17:09:56 +01:00: premier league
2026-03-28 17:09:56 +01:00: PL
2026-03-28 17:09:56 +01:00: Fetching Standings for Code: PL
2026-03-28 17:11:33 +01:00: premier league
2026-03-28 17:11:33 +01:00: PL
2026-03-28 17:11:33 +01:00: Fetching Standings for Code: PL
2026-03-28 17:11:35 +01:00: premier league
2026-03-28 17:11:35 +01:00: PL
2026-03-28 17:11:35 +01:00: Fetching Standings for Code: PL
2026-03-28 17:12:15 +01:00: premier league
2026-03-28 17:12:15 +01:00: PL
2026-03-28 17:12:15 +01:00: Fetching Standings for Code: PL
2026-03-28 17:12:17 +01:00: premier league
2026-03-28 17:12:17 +01:00: PL
2026-03-28 17:12:17 +01:00: Fetching Standings for Code: PL
2026-03-28 17:12:41 +01:00: la liga
2026-03-28 17:12:41 +01:00: PD
2026-03-28 17:12:41 +01:00: Fetching Standings for Code: PD
