2026-03-28 12:12:11 +01:00: [dotenv@17.3.1] injecting env (8) from .env -- tip: 🔐 prevent building .env in docker: https://dotenvx.com/prebuild
2026-03-28 12:12:16 +01:00: [dotenv@17.3.1] injecting env (8) from .env -- tip: 🛡️ auth for agents: https://vestauth.com
2026-03-28 12:12:21 +01:00: [dotenv@17.3.1] injecting env (8) from .env -- tip: 🔐 prevent building .env in docker: https://dotenvx.com/prebuild
2026-03-28 12:12:25 +01:00: [dotenv@17.3.1] injecting env (8) from .env -- tip: 🔐 encrypt with Dotenvx: https://dotenvx.com
2026-03-28 12:12:30 +01:00: [dotenv@17.3.1] injecting env (8) from .env -- tip: ⚙️  load multiple .env files with { path: ['.env.local', '.env'] }
2026-03-28 12:12:34 +01:00: [dotenv@17.3.1] injecting env (8) from .env -- tip: ⚙️  suppress all logs with { quiet: true }
2026-03-28 12:12:39 +01:00: [dotenv@17.3.1] injecting env (8) from .env -- tip: ⚙️  specify custom .env file path with { path: '/custom/path/.env' }
2026-03-28 12:12:44 +01:00: [dotenv@17.3.1] injecting env (8) from .env -- tip: ⚙️  override existing env vars with { override: true }
2026-03-28 12:12:49 +01:00: [dotenv@17.3.1] injecting env (8) from .env -- tip: 🔐 encrypt with Dotenvx: https://dotenvx.com
2026-03-28 12:12:54 +01:00: [dotenv@17.3.1] injecting env (8) from .env -- tip: 🤖 agentic secret storage: https://dotenvx.com/as2
2026-03-28 12:12:59 +01:00: [dotenv@17.3.1] injecting env (8) from .env -- tip: 🤖 agentic secret storage: https://dotenvx.com/as2
2026-03-28 12:13:04 +01:00: [dotenv@17.3.1] injecting env (8) from .env -- tip: 🔐 prevent building .env in docker: https://dotenvx.com/prebuild
2026-03-28 12:13:10 +01:00: [dotenv@17.3.1] injecting env (8) from .env -- tip: 🛡️ auth for agents: https://vestauth.com
2026-03-28 12:13:16 +01:00: [dotenv@17.3.1] injecting env (8) from .env -- tip: 🛡️ auth for agents: https://vestauth.com
2026-03-28 12:13:22 +01:00: [dotenv@17.3.1] injecting env (8) from .env -- tip: 🔐 encrypt with Dotenvx: https://dotenvx.com
2026-03-28 12:13:28 +01:00: [dotenv@17.3.1] injecting env (8) from .env -- tip: 🛠️  run anywhere with `dotenvx run -- yourcommand`
2026-03-28 12:13:33 +01:00: [dotenv@17.3.1] injecting env (8) from .env -- tip: 🛠️  run anywhere with `dotenvx run -- yourcommand`
2026-03-28 12:13:39 +01:00: [dotenv@17.3.1] injecting env (8) from .env -- tip: ⚙️  write to custom object with { processEnv: myObject }
2026-03-28 12:13:44 +01:00: [dotenv@17.3.1] injecting env (8) from .env -- tip: ⚙️  write to custom object with { processEnv: myObject }
2026-03-28 12:13:50 +01:00: [dotenv@17.3.1] injecting env (8) from .env -- tip: 🔐 prevent committing .env to code: https://dotenvx.com/precommit
2026-03-28 12:13:56 +01:00: [dotenv@17.3.1] injecting env (8) from .env -- tip: ⚙️  override existing env vars with { override: true }
2026-03-28 12:14:02 +01:00: [dotenv@17.3.1] injecting env (8) from .env -- tip: 🔐 prevent building .env in docker: https://dotenvx.com/prebuild
2026-03-28 12:14:07 +01:00: [dotenv@17.3.1] injecting env (8) from .env -- tip: 🤖 agentic secret storage: https://dotenvx.com/as2
2026-03-28 12:14:13 +01:00: [dotenv@17.3.1] injecting env (8) from .env -- tip: ⚙️  suppress all logs with { quiet: true }
2026-03-28 12:14:19 +01:00: [dotenv@17.3.1] injecting env (8) from .env -- tip: ⚙️  specify custom .env file path with { path: '/custom/path/.env' }
2026-03-28 12:14:24 +01:00: [dotenv@17.3.1] injecting env (8) from .env -- tip: ⚙️  override existing env vars with { override: true }
2026-03-28 12:14:29 +01:00: [dotenv@17.3.1] injecting env (8) from .env -- tip: 🛠️  run anywhere with `dotenvx run -- yourcommand`
2026-03-28 12:14:34 +01:00: [dotenv@17.3.1] injecting env (8) from .env -- tip: 🛠️  run anywhere with `dotenvx run -- yourcommand`
2026-03-28 12:14:41 +01:00: [dotenv@17.3.1] injecting env (8) from .env -- tip: 🛡️ auth for agents: https://vestauth.com
2026-03-28 12:14:47 +01:00: [dotenv@17.3.1] injecting env (8) from .env -- tip: ⚡️ secrets for agents: https://dotenvx.com/as2
2026-03-28 12:14:53 +01:00: [dotenv@17.3.1] injecting env (8) from .env -- tip: ⚙️  load multiple .env files with { path: ['.env.local', '.env'] }
2026-03-28 12:14:58 +01:00: [dotenv@17.3.1] injecting env (8) from .env -- tip: 🔐 prevent building .env in docker: https://dotenvx.com/prebuild
2026-03-28 12:15:03 +01:00: [dotenv@17.3.1] injecting env (8) from .env -- tip: 🛡️ auth for agents: https://vestauth.com
2026-03-28 12:15:08 +01:00: [dotenv@17.3.1] injecting env (8) from .env -- tip: 🛡️ auth for agents: https://vestauth.com
2026-03-28 12:15:14 +01:00: [dotenv@17.3.1] injecting env (8) from .env -- tip: ⚡️ secrets for agents: https://dotenvx.com/as2
2026-03-28 12:15:19 +01:00: [dotenv@17.3.1] injecting env (8) from .env -- tip: ⚙️  suppress all logs with { quiet: true }
2026-03-28 12:15:25 +01:00: [dotenv@17.3.1] injecting env (8) from .env -- tip: 🔐 prevent building .env in docker: https://dotenvx.com/prebuild
2026-03-28 12:15:30 +01:00: [dotenv@17.3.1] injecting env (8) from .env -- tip: ⚙️  enable debug logging with { debug: true }
2026-03-28 12:15:36 +01:00: [dotenv@17.3.1] injecting env (8) from .env -- tip: ⚙️  enable debug logging with { debug: true }
2026-03-28 12:15:41 +01:00: [dotenv@17.3.1] injecting env (8) from .env -- tip: 🔐 prevent building .env in docker: https://dotenvx.com/prebuild
2026-03-28 12:15:47 +01:00: [dotenv@17.3.1] injecting env (8) from .env -- tip: 🤖 agentic secret storage: https://dotenvx.com/as2
2026-03-28 12:15:54 +01:00: [dotenv@17.3.1] injecting env (8) from .env -- tip: ⚡️ secrets for agents: https://dotenvx.com/as2
2026-03-28 12:15:59 +01:00: [dotenv@17.3.1] injecting env (8) from .env -- tip: 🔐 prevent building .env in docker: https://dotenvx.com/prebuild
2026-03-28 12:16:04 +01:00: [dotenv@17.3.1] injecting env (8) from .env -- tip: ⚙️  override existing env vars with { override: true }
2026-03-28 12:16:10 +01:00: [dotenv@17.3.1] injecting env (8) from .env -- tip: ⚙️  override existing env vars with { override: true }
2026-03-28 12:16:16 +01:00: [dotenv@17.3.1] injecting env (8) from .env -- tip: ⚡️ secrets for agents: https://dotenvx.com/as2
2026-03-28 12:16:22 +01:00: [dotenv@17.3.1] injecting env (8) from .env -- tip: 🛡️ auth for agents: https://vestauth.com
2026-03-28 12:16:28 +01:00: [dotenv@17.3.1] injecting env (8) from .env -- tip: ⚙️  write to custom object with { processEnv: myObject }
2026-03-28 12:16:34 +01:00: [dotenv@17.3.1] injecting env (8) from .env -- tip: 🔐 encrypt with Dotenvx: https://dotenvx.com
2026-03-28 12:16:40 +01:00: [dotenv@17.3.1] injecting env (8) from .env -- tip: 🛠️  run anywhere with `dotenvx run -- yourcommand`
2026-03-28 12:16:46 +01:00: [dotenv@17.3.1] injecting env (8) from .env -- tip: 🔐 prevent building .env in docker: https://dotenvx.com/prebuild
2026-03-28 12:16:51 +01:00: [dotenv@17.3.1] injecting env (8) from .env -- tip: ⚙️  enable debug logging with { debug: true }
2026-03-28 12:16:57 +01:00: [dotenv@17.3.1] injecting env (8) from .env -- tip: 🔐 prevent building .env in docker: https://dotenvx.com/prebuild
2026-03-28 12:17:03 +01:00: [dotenv@17.3.1] injecting env (8) from .env -- tip: 🔐 encrypt with Dotenvx: https://dotenvx.com
2026-03-28 12:17:09 +01:00: [dotenv@17.3.1] injecting env (8) from .env -- tip: ⚙️  suppress all logs with { quiet: true }
2026-03-28 12:17:14 +01:00: [dotenv@17.3.1] injecting env (8) from .env -- tip: ⚙️  write to custom object with { processEnv: myObject }
2026-03-28 12:17:19 +01:00: [dotenv@17.3.1] injecting env (8) from .env -- tip: 🛠️  run anywhere with `dotenvx run -- yourcommand`
2026-03-28 12:17:24 +01:00: [dotenv@17.3.1] injecting env (8) from .env -- tip: ⚙️  load multiple .env files with { path: ['.env.local', '.env'] }
2026-03-28 12:17:30 +01:00: [dotenv@17.3.1] injecting env (8) from .env -- tip: 🔐 encrypt with Dotenvx: https://dotenvx.com
2026-03-28 12:17:35 +01:00: [dotenv@17.3.1] injecting env (8) from .env -- tip: ⚡️ secrets for agents: https://dotenvx.com/as2
2026-03-28 12:17:40 +01:00: [dotenv@17.3.1] injecting env (8) from .env -- tip: ⚙️  write to custom object with { processEnv: myObject }
2026-03-28 12:17:45 +01:00: [dotenv@17.3.1] injecting env (8) from .env -- tip: 🔐 prevent building .env in docker: https://dotenvx.com/prebuild
2026-03-28 12:17:51 +01:00: [dotenv@17.3.1] injecting env (8) from .env -- tip: ⚙️  suppress all logs with { quiet: true }
2026-03-28 12:17:56 +01:00: [dotenv@17.3.1] injecting env (8) from .env -- tip: ⚙️  enable debug logging with { debug: true }
2026-03-28 12:18:02 +01:00: [dotenv@17.3.1] injecting env (8) from .env -- tip: 🤖 agentic secret storage: https://dotenvx.com/as2
2026-03-28 12:18:07 +01:00: [dotenv@17.3.1] injecting env (8) from .env -- tip: ⚡️ secrets for agents: https://dotenvx.com/as2
2026-03-28 12:18:14 +01:00: [dotenv@17.3.1] injecting env (8) from .env -- tip: 🛠️  run anywhere with `dotenvx run -- yourcommand`
2026-03-28 12:18:20 +01:00: [dotenv@17.3.1] injecting env (8) from .env -- tip: 🔐 prevent building .env in docker: https://dotenvx.com/prebuild
2026-03-28 12:18:25 +01:00: [dotenv@17.3.1] injecting env (8) from .env -- tip: ⚙️  override existing env vars with { override: true }
2026-03-28 12:18:30 +01:00: [dotenv@17.3.1] injecting env (8) from .env -- tip: ⚙️  suppress all logs with { quiet: true }
2026-03-28 12:18:36 +01:00: [dotenv@17.3.1] injecting env (8) from .env -- tip: 🛡️ auth for agents: https://vestauth.com
2026-03-28 12:18:42 +01:00: [dotenv@17.3.1] injecting env (8) from .env -- tip: 🛠️  run anywhere with `dotenvx run -- yourcommand`
2026-03-28 12:18:47 +01:00: [dotenv@17.3.1] injecting env (8) from .env -- tip: ⚡️ secrets for agents: https://dotenvx.com/as2
2026-03-28 12:18:53 +01:00: [dotenv@17.3.1] injecting env (8) from .env -- tip: 🛠️  run anywhere with `dotenvx run -- yourcommand`
2026-03-28 12:18:59 +01:00: [dotenv@17.3.1] injecting env (8) from .env -- tip: 🤖 agentic secret storage: https://dotenvx.com/as2
2026-03-28 12:19:08 +01:00: [dotenv@17.3.1] injecting env (8) from .env -- tip: 🛠️  run anywhere with `dotenvx run -- yourcommand`
2026-03-28 12:19:14 +01:00: [dotenv@17.3.1] injecting env (8) from .env -- tip: ⚙️  write to custom object with { processEnv: myObject }
2026-03-28 12:19:20 +01:00: [dotenv@17.3.1] injecting env (8) from .env -- tip: ⚡️ secrets for agents: https://dotenvx.com/as2
2026-03-28 12:19:26 +01:00: [dotenv@17.3.1] injecting env (8) from .env -- tip: ⚙️  override existing env vars with { override: true }
2026-03-28 12:19:31 +01:00: [dotenv@17.3.1] injecting env (8) from .env -- tip: ⚙️  write to custom object with { processEnv: myObject }
2026-03-28 12:19:36 +01:00: [dotenv@17.3.1] injecting env (8) from .env -- tip: 🤖 agentic secret storage: https://dotenvx.com/as2
2026-03-28 12:19:42 +01:00: [dotenv@17.3.1] injecting env (8) from .env -- tip: ⚡️ secrets for agents: https://dotenvx.com/as2
2026-03-28 12:19:50 +01:00: [dotenv@17.3.1] injecting env (8) from .env -- tip: 🔐 prevent building .env in docker: https://dotenvx.com/prebuild
2026-03-28 12:19:56 +01:00: [dotenv@17.3.1] injecting env (8) from .env -- tip: ⚙️  specify custom .env file path with { path: '/custom/path/.env' }
2026-03-28 12:20:02 +01:00: [dotenv@17.3.1] injecting env (8) from .env -- tip: 🔐 encrypt with Dotenvx: https://dotenvx.com
2026-03-28 12:20:09 +01:00: [dotenv@17.3.1] injecting env (8) from .env -- tip: 🔐 encrypt with Dotenvx: https://dotenvx.com
2026-03-28 12:20:17 +01:00: [dotenv@17.3.1] injecting env (8) from .env -- tip: ⚙️  suppress all logs with { quiet: true }
2026-03-28 12:20:20 +01:00: 🚀 Server running on http://localhost:5000
2026-03-28 12:20:20 +01:00: Environment: production
2026-03-28 12:20:20 +01:00: Automation: ENABLED
2026-03-28 12:20:23 +01:00: ✅ MongoDB connected successfully
2026-03-28 12:20:28 +01:00: 🔄 Syncing football targets...
2026-03-28 12:20:31 +01:00: 🚀 Running initial news cycle...
2026-03-28 12:21:22 +01:00: [dotenv@17.3.1] injecting env (8) from .env -- tip: 🛡️ auth for agents: https://vestauth.com
2026-03-28 12:21:25 +01:00: 🚀 Server running on http://localhost:5000
2026-03-28 12:21:25 +01:00: Environment: production
2026-03-28 12:21:25 +01:00: Automation: ENABLED
2026-03-28 12:21:29 +01:00: ✅ MongoDB connected successfully
2026-03-28 12:21:33 +01:00: 🔄 Syncing football targets...
2026-03-28 12:21:38 +01:00: 🚀 Running initial news cycle...
2026-03-28 12:50:00 +01:00: [2026-03-28T11:50:00.941Z] Starting automated news cycle...
2026-03-28 12:50:37 +01:00: ✅ News cycle completed successfully
2026-03-28 13:00:00 +01:00: [2026-03-28T12:00:00.821Z] Starting automated news cycle...
2026-03-28 13:01:18 +01:00: ✅ News cycle completed successfully
2026-03-28 13:50:00 +01:00: [2026-03-28T12:50:00.155Z] Starting automated news cycle...
2026-03-28 13:50:49 +01:00: ✅ News cycle completed successfully
2026-03-28 14:00:00 +01:00: [2026-03-28T13:00:00.611Z] Starting automated news cycle...
2026-03-28 14:01:24 +01:00: ✅ News cycle completed successfully
2026-03-28 14:50:00 +01:00: [2026-03-28T13:50:00.696Z] Starting automated news cycle...
2026-03-28 14:51:34 +01:00: ✅ News cycle completed successfully
2026-03-28 15:50:00 +01:00: [2026-03-28T14:50:00.195Z] Starting automated news cycle...
2026-03-28 15:51:32 +01:00: ✅ News cycle completed successfully
2026-03-28 16:00:00 +01:00: [2026-03-28T15:00:00.822Z] Starting automated news cycle...
2026-03-28 16:00:57 +01:00: ✅ News cycle completed successfully
2026-03-28 16:50:00 +01:00: [2026-03-28T15:50:00.675Z] Starting automated news cycle...
2026-03-28 16:51:44 +01:00: ✅ News cycle completed successfully
2026-03-28 17:00:00 +01:00: [2026-03-28T16:00:00.567Z] Starting automated news cycle...
2026-03-28 17:01:16 +01:00: ✅ News cycle completed successfully
